Archive member included to satisfy reference by file (symbol)

c:/program files (x86)/atollic/truestudio for stm32 9.0.1/armtools/bin/../lib/gcc/arm-atollic-eabi/6.3.1/../../../../arm-atollic-eabi/lib/armv6-m\libc.a(lib_a-init.o)
                              src\startup_stm32l073xx.o (__libc_init_array)
c:/program files (x86)/atollic/truestudio for stm32 9.0.1/armtools/bin/../lib/gcc/arm-atollic-eabi/6.3.1/armv6-m\libgcc.a(_udivsi3.o)
                              src\system_stm32l0xx.o (__aeabi_uidiv)
c:/program files (x86)/atollic/truestudio for stm32 9.0.1/armtools/bin/../lib/gcc/arm-atollic-eabi/6.3.1/armv6-m\libgcc.a(_dvmd_tls.o)
                              c:/program files (x86)/atollic/truestudio for stm32 9.0.1/armtools/bin/../lib/gcc/arm-atollic-eabi/6.3.1/armv6-m\libgcc.a(_udivsi3.o) (__aeabi_idiv0)

Discarded input sections

 .text          0x00000000        0x0 c:/program files (x86)/atollic/truestudio for stm32 9.0.1/armtools/bin/../lib/gcc/arm-atollic-eabi/6.3.1/armv6-m/crti.o
 .data          0x00000000        0x0 c:/program files (x86)/atollic/truestudio for stm32 9.0.1/armtools/bin/../lib/gcc/arm-atollic-eabi/6.3.1/armv6-m/crti.o
 .bss           0x00000000        0x0 c:/program files (x86)/atollic/truestudio for stm32 9.0.1/armtools/bin/../lib/gcc/arm-atollic-eabi/6.3.1/armv6-m/crti.o
 .data          0x00000000        0x4 c:/program files (x86)/atollic/truestudio for stm32 9.0.1/armtools/bin/../lib/gcc/arm-atollic-eabi/6.3.1/armv6-m/crtbegin.o
 .text          0x00000000        0x0 src\main.o
 .data          0x00000000        0x0 src\main.o
 .bss           0x00000000        0x0 src\main.o
 .text          0x00000000       0x14 src\startup_stm32l073xx.o
 .data          0x00000000        0x0 src\startup_stm32l073xx.o
 .bss           0x00000000        0x0 src\startup_stm32l073xx.o
 .text          0x00000000        0x0 src\system_stm32l0xx.o
 .data          0x00000000        0x0 src\system_stm32l0xx.o
 .bss           0x00000000        0x0 src\system_stm32l0xx.o
 .data.SystemCoreClock
                0x00000000        0x4 src\system_stm32l0xx.o
 .rodata.AHBPrescTable
                0x00000000       0x10 src\system_stm32l0xx.o
 .rodata.PLLMulTable
                0x00000000        0x9 src\system_stm32l0xx.o
 .text.SystemCoreClockUpdate
                0x00000000      0x134 src\system_stm32l0xx.o
 .text          0x00000000        0x0 c:/program files (x86)/atollic/truestudio for stm32 9.0.1/armtools/bin/../lib/gcc/arm-atollic-eabi/6.3.1/../../../../arm-atollic-eabi/lib/armv6-m\libc.a(lib_a-init.o)
 .data          0x00000000        0x0 c:/program files (x86)/atollic/truestudio for stm32 9.0.1/armtools/bin/../lib/gcc/arm-atollic-eabi/6.3.1/../../../../arm-atollic-eabi/lib/armv6-m\libc.a(lib_a-init.o)
 .bss           0x00000000        0x0 c:/program files (x86)/atollic/truestudio for stm32 9.0.1/armtools/bin/../lib/gcc/arm-atollic-eabi/6.3.1/../../../../arm-atollic-eabi/lib/armv6-m\libc.a(lib_a-init.o)
 .text          0x00000000      0x114 c:/program files (x86)/atollic/truestudio for stm32 9.0.1/armtools/bin/../lib/gcc/arm-atollic-eabi/6.3.1/armv6-m\libgcc.a(_udivsi3.o)
 .data          0x00000000        0x0 c:/program files (x86)/atollic/truestudio for stm32 9.0.1/armtools/bin/../lib/gcc/arm-atollic-eabi/6.3.1/armv6-m\libgcc.a(_udivsi3.o)
 .bss           0x00000000        0x0 c:/program files (x86)/atollic/truestudio for stm32 9.0.1/armtools/bin/../lib/gcc/arm-atollic-eabi/6.3.1/armv6-m\libgcc.a(_udivsi3.o)
 .debug_frame   0x00000000       0x20 c:/program files (x86)/atollic/truestudio for stm32 9.0.1/armtools/bin/../lib/gcc/arm-atollic-eabi/6.3.1/armv6-m\libgcc.a(_udivsi3.o)
 .ARM.attributes
                0x00000000       0x1e c:/program files (x86)/atollic/truestudio for stm32 9.0.1/armtools/bin/../lib/gcc/arm-atollic-eabi/6.3.1/armv6-m\libgcc.a(_udivsi3.o)
 .text          0x00000000        0x4 c:/program files (x86)/atollic/truestudio for stm32 9.0.1/armtools/bin/../lib/gcc/arm-atollic-eabi/6.3.1/armv6-m\libgcc.a(_dvmd_tls.o)
 .data          0x00000000        0x0 c:/program files (x86)/atollic/truestudio for stm32 9.0.1/armtools/bin/../lib/gcc/arm-atollic-eabi/6.3.1/armv6-m\libgcc.a(_dvmd_tls.o)
 .bss           0x00000000        0x0 c:/program files (x86)/atollic/truestudio for stm32 9.0.1/armtools/bin/../lib/gcc/arm-atollic-eabi/6.3.1/armv6-m\libgcc.a(_dvmd_tls.o)
 .ARM.attributes
                0x00000000       0x1e c:/program files (x86)/atollic/truestudio for stm32 9.0.1/armtools/bin/../lib/gcc/arm-atollic-eabi/6.3.1/armv6-m\libgcc.a(_dvmd_tls.o)
 .text          0x00000000        0x0 c:/program files (x86)/atollic/truestudio for stm32 9.0.1/armtools/bin/../lib/gcc/arm-atollic-eabi/6.3.1/armv6-m/crtend.o
 .data          0x00000000        0x0 c:/program files (x86)/atollic/truestudio for stm32 9.0.1/armtools/bin/../lib/gcc/arm-atollic-eabi/6.3.1/armv6-m/crtend.o
 .bss           0x00000000        0x0 c:/program files (x86)/atollic/truestudio for stm32 9.0.1/armtools/bin/../lib/gcc/arm-atollic-eabi/6.3.1/armv6-m/crtend.o
 .eh_frame      0x00000000        0x4 c:/program files (x86)/atollic/truestudio for stm32 9.0.1/armtools/bin/../lib/gcc/arm-atollic-eabi/6.3.1/armv6-m/crtend.o
 .ARM.attributes
                0x00000000       0x2c c:/program files (x86)/atollic/truestudio for stm32 9.0.1/armtools/bin/../lib/gcc/arm-atollic-eabi/6.3.1/armv6-m/crtend.o
 .text          0x00000000        0x0 c:/program files (x86)/atollic/truestudio for stm32 9.0.1/armtools/bin/../lib/gcc/arm-atollic-eabi/6.3.1/armv6-m/crtn.o
 .data          0x00000000        0x0 c:/program files (x86)/atollic/truestudio for stm32 9.0.1/armtools/bin/../lib/gcc/arm-atollic-eabi/6.3.1/armv6-m/crtn.o
 .bss           0x00000000        0x0 c:/program files (x86)/atollic/truestudio for stm32 9.0.1/armtools/bin/../lib/gcc/arm-atollic-eabi/6.3.1/armv6-m/crtn.o

Memory Configuration

Name             Origin             Length             Attributes
FLASH            0x08000000         0x00020000         xr
RAM              0x20000000         0x00005000         xrw
MEMORY_B1        0x60000000         0x00000000         xr
*default*        0x00000000         0xffffffff

Linker script and memory map

LOAD c:/program files (x86)/atollic/truestudio for stm32 9.0.1/armtools/bin/../lib/gcc/arm-atollic-eabi/6.3.1/armv6-m/crti.o
LOAD c:/program files (x86)/atollic/truestudio for stm32 9.0.1/armtools/bin/../lib/gcc/arm-atollic-eabi/6.3.1/armv6-m/crtbegin.o
LOAD src\main.o
LOAD src\startup_stm32l073xx.o
LOAD src\system_stm32l0xx.o
                0x00000080                malloc_getpagesize_P = 0x80
START GROUP
LOAD c:/program files (x86)/atollic/truestudio for stm32 9.0.1/armtools/bin/../lib/gcc/arm-atollic-eabi/6.3.1/../../../../arm-atollic-eabi/lib/armv6-m\libc.a
LOAD c:/program files (x86)/atollic/truestudio for stm32 9.0.1/armtools/bin/../lib/gcc/arm-atollic-eabi/6.3.1/../../../../arm-atollic-eabi/lib/armv6-m\libm.a
END GROUP
START GROUP
LOAD c:/program files (x86)/atollic/truestudio for stm32 9.0.1/armtools/bin/../lib/gcc/arm-atollic-eabi/6.3.1/armv6-m\libgcc.a
LOAD c:/program files (x86)/atollic/truestudio for stm32 9.0.1/armtools/bin/../lib/gcc/arm-atollic-eabi/6.3.1/../../../../arm-atollic-eabi/lib/armv6-m\libc.a
END GROUP
START GROUP
LOAD c:/program files (x86)/atollic/truestudio for stm32 9.0.1/armtools/bin/../lib/gcc/arm-atollic-eabi/6.3.1/armv6-m\libgcc.a
LOAD c:/program files (x86)/atollic/truestudio for stm32 9.0.1/armtools/bin/../lib/gcc/arm-atollic-eabi/6.3.1/../../../../arm-atollic-eabi/lib/armv6-m\libc.a
LOAD c:/program files (x86)/atollic/truestudio for stm32 9.0.1/armtools/bin/../lib/gcc/arm-atollic-eabi/6.3.1/../../../../arm-atollic-eabi/lib/armv6-m\libnosys.a
END GROUP
LOAD c:/program files (x86)/atollic/truestudio for stm32 9.0.1/armtools/bin/../lib/gcc/arm-atollic-eabi/6.3.1/armv6-m/crtend.o
LOAD c:/program files (x86)/atollic/truestudio for stm32 9.0.1/armtools/bin/../lib/gcc/arm-atollic-eabi/6.3.1/armv6-m/crtn.o
                0x20005000                _estack = 0x20005000
                0x00000000                _Min_Heap_Size = 0x0
                0x00000100                _Min_Stack_Size = 0x100

.isr_vector     0x08000000       0xc0
                0x08000000                . = ALIGN (0x4)
 *(.isr_vector)
 .isr_vector    0x08000000       0xc0 src\startup_stm32l073xx.o
                0x08000000                g_pfnVectors
                0x080000c0                . = ALIGN (0x4)

.text           0x080000c0      0x18c
                0x080000c0                . = ALIGN (0x4)
 *(.text)
 .text          0x080000c0       0x48 c:/program files (x86)/atollic/truestudio for stm32 9.0.1/armtools/bin/../lib/gcc/arm-atollic-eabi/6.3.1/armv6-m/crtbegin.o
 *(.text*)
 .text.main     0x08000108       0x12 src\main.o
                0x08000108                main
 *fill*         0x0800011a        0x2 
 .text.Reset_Handler
                0x0800011c       0x50 src\startup_stm32l073xx.o
                0x0800011c                Reset_Handler
 .text.Default_Handler
                0x0800016c        0x2 src\startup_stm32l073xx.o
                0x0800016c                TSC_IRQHandler
                0x0800016c                HardFault_Handler
                0x0800016c                ADC1_COMP_IRQHandler
                0x0800016c                SysTick_Handler
                0x0800016c                PVD_IRQHandler
                0x0800016c                PendSV_Handler
                0x0800016c                NMI_Handler
                0x0800016c                I2C1_IRQHandler
                0x0800016c                RCC_CRS_IRQHandler
                0x0800016c                SPI1_IRQHandler
                0x0800016c                TIM6_DAC_IRQHandler
                0x0800016c                EXTI2_3_IRQHandler
                0x0800016c                I2C2_IRQHandler
                0x0800016c                RTC_IRQHandler
                0x0800016c                LCD_IRQHandler
                0x0800016c                DMA1_Channel4_5_6_7_IRQHandler
                0x0800016c                TIM3_IRQHandler
                0x0800016c                EXTI4_15_IRQHandler
                0x0800016c                DMA1_Channel1_IRQHandler
                0x0800016c                USART4_5_IRQHandler
                0x0800016c                Default_Handler
                0x0800016c                TIM22_IRQHandler
                0x0800016c                TIM7_IRQHandler
                0x0800016c                EXTI0_1_IRQHandler
                0x0800016c                USB_IRQHandler
                0x0800016c                I2C3_IRQHandler
                0x0800016c                SPI2_IRQHandler
                0x0800016c                SVC_Handler
                0x0800016c                TIM21_IRQHandler
                0x0800016c                WWDG_IRQHandler
                0x0800016c                TIM2_IRQHandler
                0x0800016c                DMA1_Channel2_3_IRQHandler
                0x0800016c                USART2_IRQHandler
                0x0800016c                FLASH_IRQHandler
                0x0800016c                USART1_IRQHandler
                0x0800016c                RNG_LPUART1_IRQHandler
                0x0800016c                LPTIM1_IRQHandler
 *fill*         0x0800016e        0x2 
 .text.SystemInit
                0x08000170       0x7c src\system_stm32l0xx.o
                0x08000170                SystemInit
 .text.__libc_init_array
                0x080001ec       0x48 c:/program files (x86)/atollic/truestudio for stm32 9.0.1/armtools/bin/../lib/gcc/arm-atollic-eabi/6.3.1/../../../../arm-atollic-eabi/lib/armv6-m\libc.a(lib_a-init.o)
                0x080001ec                __libc_init_array
 *(.glue_7)
 .glue_7        0x08000234        0x0 linker stubs
 *(.glue_7t)
 .glue_7t       0x08000234        0x0 linker stubs
 *(.eh_frame)
 .eh_frame      0x08000234        0x0 c:/program files (x86)/atollic/truestudio for stm32 9.0.1/armtools/bin/../lib/gcc/arm-atollic-eabi/6.3.1/armv6-m/crtbegin.o
 *(.init)
 .init          0x08000234        0x4 c:/program files (x86)/atollic/truestudio for stm32 9.0.1/armtools/bin/../lib/gcc/arm-atollic-eabi/6.3.1/armv6-m/crti.o
                0x08000234                _init
 .init          0x08000238        0x8 c:/program files (x86)/atollic/truestudio for stm32 9.0.1/armtools/bin/../lib/gcc/arm-atollic-eabi/6.3.1/armv6-m/crtn.o
 *(.fini)
 .fini          0x08000240        0x4 c:/program files (x86)/atollic/truestudio for stm32 9.0.1/armtools/bin/../lib/gcc/arm-atollic-eabi/6.3.1/armv6-m/crti.o
                0x08000240                _fini
 .fini          0x08000244        0x8 c:/program files (x86)/atollic/truestudio for stm32 9.0.1/armtools/bin/../lib/gcc/arm-atollic-eabi/6.3.1/armv6-m/crtn.o
                0x0800024c                . = ALIGN (0x4)
                0x0800024c                _etext = .

.vfp11_veneer   0x0800024c        0x0
 .vfp11_veneer  0x0800024c        0x0 linker stubs

.v4_bx          0x0800024c        0x0
 .v4_bx         0x0800024c        0x0 linker stubs

.iplt           0x0800024c        0x0
 .iplt          0x0800024c        0x0 c:/program files (x86)/atollic/truestudio for stm32 9.0.1/armtools/bin/../lib/gcc/arm-atollic-eabi/6.3.1/armv6-m/crtbegin.o

.rel.dyn        0x0800024c        0x0
 .rel.iplt      0x0800024c        0x0 c:/program files (x86)/atollic/truestudio for stm32 9.0.1/armtools/bin/../lib/gcc/arm-atollic-eabi/6.3.1/armv6-m/crtbegin.o

.rodata         0x0800024c        0x0
                0x0800024c                . = ALIGN (0x4)
 *(.rodata)
 *(.rodata*)
                0x0800024c                . = ALIGN (0x4)

.ARM.extab
 *(.ARM.extab* .gnu.linkonce.armextab.*)

.ARM            0x0800024c        0x0
                0x0800024c                __exidx_start = .
 *(.ARM.exidx*)
                0x0800024c                __exidx_end = .

.preinit_array  0x0800024c        0x0
                0x0800024c                PROVIDE (__preinit_array_start, .)
 *(.preinit_array*)
                0x0800024c                PROVIDE (__preinit_array_end, .)

.init_array     0x0800024c        0x4
                0x0800024c                PROVIDE (__init_array_start, .)
 *(SORT(.init_array.*))
 *(.init_array*)
 .init_array    0x0800024c        0x4 c:/program files (x86)/atollic/truestudio for stm32 9.0.1/armtools/bin/../lib/gcc/arm-atollic-eabi/6.3.1/armv6-m/crtbegin.o
                0x08000250                PROVIDE (__init_array_end, .)

.fini_array     0x08000250        0x4
                [!provide]                PROVIDE (__fini_array_start, .)
 *(SORT(.fini_array.*))
 *(.fini_array*)
 .fini_array    0x08000250        0x4 c:/program files (x86)/atollic/truestudio for stm32 9.0.1/armtools/bin/../lib/gcc/arm-atollic-eabi/6.3.1/armv6-m/crtbegin.o
                [!provide]                PROVIDE (__fini_array_end, .)
                0x08000254                _sidata = LOADADDR (.data)

.data           0x20000000        0x0 load address 0x08000254
                0x20000000                . = ALIGN (0x4)
                0x20000000                _sdata = .
 *(.data)
 *(.data*)
                0x20000000                . = ALIGN (0x4)
                0x20000000                _edata = .

.igot.plt       0x20000000        0x0 load address 0x08000254
 .igot.plt      0x20000000        0x0 c:/program files (x86)/atollic/truestudio for stm32 9.0.1/armtools/bin/../lib/gcc/arm-atollic-eabi/6.3.1/armv6-m/crtbegin.o
                0x20000000                . = ALIGN (0x4)

.bss            0x20000000       0x1c load address 0x08000254
                0x20000000                _sbss = .
                0x20000000                __bss_start__ = _sbss
 *(.bss)
 .bss           0x20000000       0x1c c:/program files (x86)/atollic/truestudio for stm32 9.0.1/armtools/bin/../lib/gcc/arm-atollic-eabi/6.3.1/armv6-m/crtbegin.o
 *(.bss*)
 *(COMMON)
                0x2000001c                . = ALIGN (0x4)
                0x2000001c                _ebss = .
                0x2000001c                __bss_end__ = _ebss

._user_heap_stack
                0x2000001c      0x100 load address 0x08000254
                0x2000001c                . = ALIGN (0x4)
                [!provide]                PROVIDE (end, .)
                [!provide]                PROVIDE (_end, .)
                0x2000001c                . = (. + _Min_Heap_Size)
                0x2000011c                . = (. + _Min_Stack_Size)
 *fill*         0x2000001c      0x100 
                0x2000011c                . = ALIGN (0x4)

.memory_b1_text
 *(.mb1text)
 *(.mb1text*)
 *(.mb1rodata)
 *(.mb1rodata*)

/DISCARD/
 libc.a(*)
 libm.a(*)
 libgcc.a(*)

.ARM.attributes
                0x00000000       0x28
 *(.ARM.attributes)
 .ARM.attributes
                0x00000000       0x1e c:/program files (x86)/atollic/truestudio for stm32 9.0.1/armtools/bin/../lib/gcc/arm-atollic-eabi/6.3.1/armv6-m/crti.o
 .ARM.attributes
                0x0000001e       0x2c c:/program files (x86)/atollic/truestudio for stm32 9.0.1/armtools/bin/../lib/gcc/arm-atollic-eabi/6.3.1/armv6-m/crtbegin.o
 .ARM.attributes
                0x0000004a       0x32 src\main.o
 .ARM.attributes
                0x0000007c       0x22 src\startup_stm32l073xx.o
 .ARM.attributes
                0x0000009e       0x32 src\system_stm32l0xx.o
 .ARM.attributes
                0x000000d0       0x2c c:/program files (x86)/atollic/truestudio for stm32 9.0.1/armtools/bin/../lib/gcc/arm-atollic-eabi/6.3.1/../../../../arm-atollic-eabi/lib/armv6-m\libc.a(lib_a-init.o)
 .ARM.attributes
                0x000000fc       0x1e c:/program files (x86)/atollic/truestudio for stm32 9.0.1/armtools/bin/../lib/gcc/arm-atollic-eabi/6.3.1/armv6-m/crtn.o
OUTPUT(Szklarnia.elf elf32-littlearm)

.debug_info     0x00000000      0x4f4
 .debug_info    0x00000000      0x119 src\main.o
 .debug_info    0x00000119       0x88 src\startup_stm32l073xx.o
 .debug_info    0x000001a1      0x353 src\system_stm32l0xx.o

.debug_abbrev   0x00000000      0x199
 .debug_abbrev  0x00000000       0x8a src\main.o
 .debug_abbrev  0x0000008a       0x12 src\startup_stm32l073xx.o
 .debug_abbrev  0x0000009c       0xfd src\system_stm32l0xx.o

.debug_aranges  0x00000000       0x70
 .debug_aranges
                0x00000000       0x20 src\main.o
 .debug_aranges
                0x00000020       0x28 src\startup_stm32l073xx.o
 .debug_aranges
                0x00000048       0x28 src\system_stm32l0xx.o

.debug_ranges   0x00000000       0x48
 .debug_ranges  0x00000000       0x10 src\main.o
 .debug_ranges  0x00000010       0x20 src\startup_stm32l073xx.o
 .debug_ranges  0x00000030       0x18 src\system_stm32l0xx.o

.debug_line     0x00000000      0x3cb
 .debug_line    0x00000000      0x16b src\main.o
 .debug_line    0x0000016b       0x7f src\startup_stm32l073xx.o
 .debug_line    0x000001ea      0x1e1 src\system_stm32l0xx.o

.debug_str      0x00000000      0x2c9
 .debug_str     0x00000000      0x1a6 src\main.o
                                0x1eb (size before relaxing)
 .debug_str     0x000001a6      0x123 src\system_stm32l0xx.o
                                0x2ef (size before relaxing)

.comment        0x00000000       0x7c
 .comment       0x00000000       0x7c src\main.o
                                 0x7d (size before relaxing)
 .comment       0x0000007c       0x7d src\system_stm32l0xx.o

.debug_frame    0x00000000       0xa8
 .debug_frame   0x00000000       0x30 src\main.o
 .debug_frame   0x00000030       0x4c src\system_stm32l0xx.o
 .debug_frame   0x0000007c       0x2c c:/program files (x86)/atollic/truestudio for stm32 9.0.1/armtools/bin/../lib/gcc/arm-atollic-eabi/6.3.1/../../../../arm-atollic-eabi/lib/armv6-m\libc.a(lib_a-init.o)

Cross Reference Table

Symbol                                            File
ADC1_COMP_IRQHandler                              src\startup_stm32l073xx.o
AHBPrescTable                                     src\system_stm32l0xx.o
DMA1_Channel1_IRQHandler                          src\startup_stm32l073xx.o
DMA1_Channel2_3_IRQHandler                        src\startup_stm32l073xx.o
DMA1_Channel4_5_6_7_IRQHandler                    src\startup_stm32l073xx.o
Default_Handler                                   src\startup_stm32l073xx.o
EXTI0_1_IRQHandler                                src\startup_stm32l073xx.o
EXTI2_3_IRQHandler                                src\startup_stm32l073xx.o
EXTI4_15_IRQHandler                               src\startup_stm32l073xx.o
FLASH_IRQHandler                                  src\startup_stm32l073xx.o
HardFault_Handler                                 src\startup_stm32l073xx.o
I2C1_IRQHandler                                   src\startup_stm32l073xx.o
I2C2_IRQHandler                                   src\startup_stm32l073xx.o
I2C3_IRQHandler                                   src\startup_stm32l073xx.o
LCD_IRQHandler                                    src\startup_stm32l073xx.o
LPTIM1_IRQHandler                                 src\startup_stm32l073xx.o
NMI_Handler                                       src\startup_stm32l073xx.o
PLLMulTable                                       src\system_stm32l0xx.o
PVD_IRQHandler                                    src\startup_stm32l073xx.o
PendSV_Handler                                    src\startup_stm32l073xx.o
RCC_CRS_IRQHandler                                src\startup_stm32l073xx.o
RNG_LPUART1_IRQHandler                            src\startup_stm32l073xx.o
RTC_IRQHandler                                    src\startup_stm32l073xx.o
Reset_Handler                                     src\startup_stm32l073xx.o
SPI1_IRQHandler                                   src\startup_stm32l073xx.o
SPI2_IRQHandler                                   src\startup_stm32l073xx.o
SVC_Handler                                       src\startup_stm32l073xx.o
SysTick_Handler                                   src\startup_stm32l073xx.o
SystemCoreClock                                   src\system_stm32l0xx.o
SystemCoreClockUpdate                             src\system_stm32l0xx.o
SystemInit                                        src\system_stm32l0xx.o
                                                  src\startup_stm32l073xx.o
TIM21_IRQHandler                                  src\startup_stm32l073xx.o
TIM22_IRQHandler                                  src\startup_stm32l073xx.o
TIM2_IRQHandler                                   src\startup_stm32l073xx.o
TIM3_IRQHandler                                   src\startup_stm32l073xx.o
TIM6_DAC_IRQHandler                               src\startup_stm32l073xx.o
TIM7_IRQHandler                                   src\startup_stm32l073xx.o
TSC_IRQHandler                                    src\startup_stm32l073xx.o
USART1_IRQHandler                                 src\startup_stm32l073xx.o
USART2_IRQHandler                                 src\startup_stm32l073xx.o
USART4_5_IRQHandler                               src\startup_stm32l073xx.o
USB_IRQHandler                                    src\startup_stm32l073xx.o
WWDG_IRQHandler                                   src\startup_stm32l073xx.o
__aeabi_idiv0                                     c:/program files (x86)/atollic/truestudio for stm32 9.0.1/armtools/bin/../lib/gcc/arm-atollic-eabi/6.3.1/armv6-m\libgcc.a(_dvmd_tls.o)
                                                  c:/program files (x86)/atollic/truestudio for stm32 9.0.1/armtools/bin/../lib/gcc/arm-atollic-eabi/6.3.1/armv6-m\libgcc.a(_udivsi3.o)
__aeabi_ldiv0                                     c:/program files (x86)/atollic/truestudio for stm32 9.0.1/armtools/bin/../lib/gcc/arm-atollic-eabi/6.3.1/armv6-m\libgcc.a(_dvmd_tls.o)
__aeabi_uidiv                                     c:/program files (x86)/atollic/truestudio for stm32 9.0.1/armtools/bin/../lib/gcc/arm-atollic-eabi/6.3.1/armv6-m\libgcc.a(_udivsi3.o)
                                                  src\system_stm32l0xx.o
__aeabi_uidivmod                                  c:/program files (x86)/atollic/truestudio for stm32 9.0.1/armtools/bin/../lib/gcc/arm-atollic-eabi/6.3.1/armv6-m\libgcc.a(_udivsi3.o)
__deregister_frame_info                           c:/program files (x86)/atollic/truestudio for stm32 9.0.1/armtools/bin/../lib/gcc/arm-atollic-eabi/6.3.1/armv6-m/crtbegin.o
__dso_handle                                      c:/program files (x86)/atollic/truestudio for stm32 9.0.1/armtools/bin/../lib/gcc/arm-atollic-eabi/6.3.1/armv6-m/crtbegin.o
__init_array_end                                  c:/program files (x86)/atollic/truestudio for stm32 9.0.1/armtools/bin/../lib/gcc/arm-atollic-eabi/6.3.1/../../../../arm-atollic-eabi/lib/armv6-m\libc.a(lib_a-init.o)
__init_array_start                                c:/program files (x86)/atollic/truestudio for stm32 9.0.1/armtools/bin/../lib/gcc/arm-atollic-eabi/6.3.1/../../../../arm-atollic-eabi/lib/armv6-m\libc.a(lib_a-init.o)
__libc_init_array                                 c:/program files (x86)/atollic/truestudio for stm32 9.0.1/armtools/bin/../lib/gcc/arm-atollic-eabi/6.3.1/../../../../arm-atollic-eabi/lib/armv6-m\libc.a(lib_a-init.o)
                                                  src\startup_stm32l073xx.o
__preinit_array_end                               c:/program files (x86)/atollic/truestudio for stm32 9.0.1/armtools/bin/../lib/gcc/arm-atollic-eabi/6.3.1/../../../../arm-atollic-eabi/lib/armv6-m\libc.a(lib_a-init.o)
__preinit_array_start                             c:/program files (x86)/atollic/truestudio for stm32 9.0.1/armtools/bin/../lib/gcc/arm-atollic-eabi/6.3.1/../../../../arm-atollic-eabi/lib/armv6-m\libc.a(lib_a-init.o)
__register_frame_info                             c:/program files (x86)/atollic/truestudio for stm32 9.0.1/armtools/bin/../lib/gcc/arm-atollic-eabi/6.3.1/armv6-m/crtbegin.o
__udivsi3                                         c:/program files (x86)/atollic/truestudio for stm32 9.0.1/armtools/bin/../lib/gcc/arm-atollic-eabi/6.3.1/armv6-m\libgcc.a(_udivsi3.o)
_ebss                                             src\startup_stm32l073xx.o
_edata                                            src\startup_stm32l073xx.o
_estack                                           src\startup_stm32l073xx.o
_fini                                             c:/program files (x86)/atollic/truestudio for stm32 9.0.1/armtools/bin/../lib/gcc/arm-atollic-eabi/6.3.1/armv6-m/crti.o
_init                                             c:/program files (x86)/atollic/truestudio for stm32 9.0.1/armtools/bin/../lib/gcc/arm-atollic-eabi/6.3.1/armv6-m/crti.o
                                                  c:/program files (x86)/atollic/truestudio for stm32 9.0.1/armtools/bin/../lib/gcc/arm-atollic-eabi/6.3.1/../../../../arm-atollic-eabi/lib/armv6-m\libc.a(lib_a-init.o)
_sbss                                             src\startup_stm32l073xx.o
_sdata                                            src\startup_stm32l073xx.o
_sidata                                           src\startup_stm32l073xx.o
g_pfnVectors                                      src\startup_stm32l073xx.o
main                                              src\main.o
                                                  src\startup_stm32l073xx.o
